forrtl: error (200): program aborting due to window-CLOSE event
Image              PC                Routine            Line        Source             
KERNELBASE.dll     00007FFF60173BDD  Unknown               Unknown  Unknown
KERNEL32.DLL       00007FFF615FCCB7  Unknown               Unknown  Unknown
ntdll.dll          00007FFF62C6AD6C  Unknown               Unknown  Unknown
forrtl: error (200): program aborting due to window-CLOSE event
Image              PC                Routine            Line        Source             
KERNELBASE.dll     00007FFF60173BDD  Unknown               Unknown  Unknown
KERNEL32.DLL       00007FFF615FCCB7  Unknown               Unknown  Unknown
ntdll.dll          00007FFF62C6AD6C  Unknown               Unknown  Unknown
[ERROR:0@10.939] global loadsave.cpp:1390 cv::imdecode_ imdecode_(''): can't read data: OpenCV(5.0.0) D:\a\opencv-python\opencv-python\opencv\modules\imgcodecs\src\bitstrm.cpp:59: error: (-2:Unspecified error) Unexpected end of input stream in function 'cv::RBaseStream::readBlock'

Using onnx:CUDAExecutionProvider
Using onnx:CUDAExecutionProvider
Using onnx:CUDAExecutionProvider
Using onnx:CUDAExecutionProvider
Using onnx:CUDAExecutionProvider
Using onnx:CUDAExecutionProvider
Using onnx:CUDAExecutionProvider
Using onnx:CUDAExecutionProvider
Using onnx:CUDAExecutionProvider
Using onnx:CUDAExecutionProvider
Using onnx:CUDAExecutionProvider
Using onnx:CUDAExecutionProvider
Using onnx:CUDAExecutionProvider
Using onnx:CUDAExecutionProvider
Using onnx:CUDAExecutionProvider
Using onnx:CUDAExecutionProvider
Using onnx:CUDAExecutionProvider
Using onnx:CUDAExecutionProvider
Using onnx:CUDAExecutionProvider
Using onnx:CUDAExecutionProvider
Using onnx:CUDAExecutionProvider
Using onnx:CUDAExecutionProvider
Using onnx:CUDAExecutionProvider
Using onnx:CUDAExecutionProvider
Using onnx:CUDAExecutionProvider
Using onnx:CUDAExecutionProvider
Using onnx:CUDAExecutionProvider
Using onnx:CUDAExecutionProvider
Using onnx:CUDAExecutionProvider
Using onnx:CUDAExecutionProvider
Using onnx:CUDAExecutionProvider
Using onnx:CUDAExecutionProvider
Using onnx:CUDAExecutionProvider
Using onnx:CUDAExecutionProvider
Using onnx:CUDAExecutionProvider
Using onnx:CUDAExecutionProvider
Using onnx:CUDAExecutionProvider
Using onnx:CUDAExecutionProvider
Using onnx:CUDAExecutionProvider
